SQL> SELECT 2+2
  2  FROM DUAL
  3  ;
PRESS RETURN TO CONTINUE
       2+2                                                                                                                          
----------                                                                                                                          
         4                                                                                                                          

SQL> SELECT ALL
  2  FROM DUAL;
FROM DUAL
*
ERROR at line 2:
ORA-00936: missing expression 


SQL> SELECT 1
  2  FROM DUAL;
PRESS RETURN TO CONTINUE
         1                                                                                                                          
----------                                                                                                                          
         1                                                                                                                          

SQL> SELECT USER
  2  FROM DUAL;
PRESS RETURN TO CONTINUE
USER                                                                                                                                
------------------------------                                                                                                      
YJARRAR                                                                                                                             

SQL> SELECT SYSDATE
  2  FROM DUAL;
PRESS RETURN TO CONTINUE
SYSDATE                                                                                                                             
---------                                                                                                                           
22-JAN-19                                                                                                                           

SQL> SELECT * FROM
  2  DUAL;
PRESS RETURN TO CONTINUE
D                                                                                                                                   
-                                                                                                                                   
X                                                                                                                                   

SQL> SPOOL OFF
